---
source: tests/mod.rs
input_file: tests/fixtures/namespace.ts
---
type T1 = "a";
type T2 = number;
type T3 = A.A;
